mode: set
app/test/cov/words.go:7.29,9.10 2 1
app/test/cov/words.go:10.15,11.23 1 0
app/test/cov/words.go:12.15,13.22 1 1
app/test/cov/words.go:14.14,15.25 1 0
app/test/cov/words.go:16.14,17.24 1 1
app/test/cov/words.go:18.11,19.28 1 0
